Resetting local database...
Recreating database...
Initialising schema...
Seeding globals from roles.sql...
Skipping migration .bak_20260618000003_absence_email_notification_prefs.sql... (file name must match pattern "<timestamp>_name.sql")
Skipping migration .bak_20260620000022_dashboard_role_queries.sql... (file name must match pattern "<timestamp>_name.sql")
Skipping migration .bak_20260625000000_invitation_system_core_schema.sql... (file name must match pattern "<timestamp>_name.sql")
Skipping migration .bak_20260625000000_jwt_role_fallback.sql... (file name must match pattern "<timestamp>_name.sql")
Skipping migration .bak_20260625000001_missing_indexes.sql... (file name must match pattern "<timestamp>_name.sql")
Skipping migration .bak_20260625000001_rsvp_rpc_functions.sql... (file name must match pattern "<timestamp>_name.sql")
Skipping migration .bak_20260625000002_invitation_rsvp_notes_constraint.sql... (file name must match pattern "<timestamp>_name.sql")
Skipping migration .bak_20260626000000_fix_task_department_isolation.sql... (file name must match pattern "<timestamp>_name.sql")
Skipping migration .bak_20260626000000_rate_limits.sql... (file name must match pattern "<timestamp>_name.sql")
Skipping migration .bak_20260627000000_task_status_definitions.sql... (file name must match pattern "<timestamp>_name.sql")
Skipping migration .bak_20260627000001_task_status_definitions_active.sql... (file name must match pattern "<timestamp>_name.sql")
Skipping migration .bak_20260628000000_rls_hotfixes.sql... (file name must match pattern "<timestamp>_name.sql")
Skipping migration .bak_20260831000000_task_types.sql... (file name must match pattern "<timestamp>_name.sql")
Skipping migration .bak_20270805000004_simplify_tasks_update_rls.sql... (file name must match pattern "<timestamp>_name.sql")
Skipping migration .old_20260803000000_weekly_recap_reengagement_emails.sql... (file name must match pattern "<timestamp>_name.sql")
Skipping migration .old_20260804000000_rename_email_prefs_add_tracking.sql... (file name must match pattern "<timestamp>_name.sql")
Skipping migration create_absence_follow_ups_table.sql... (file name must match pattern "<timestamp>_name.sql")
Applying migration 20260600000000_gen_random_bytes_compat.sql...
Applying migration 20260608000000_initial_blw_canada_os_schema.sql...
Applying migration 20260609000000_user_lifecycle.sql...
Applying migration 20260610000000_invitation_delivery.sql...
Applying migration 20260611000000_activity_log_completeness.sql...
Applying migration 20260612000000_meeting_task_foreign_keys.sql...
Applying migration 20260613000000_task_maturity.sql...
Applying migration 20260614000000_sprints.sql...
Applying migration 20260615000000_calendar_notifications.sql...
Applying migration 20260616000000_api_automations.sql...
Applying migration 20260617000000_settings_integrations_finalization.sql...
Applying migration 20260617000001_dept_scoped_integrations.sql...
Applying migration 20260618000000_spaces.sql...
Applying migration 20260618000001_configurable_task_statuses.sql...
Applying migration 20260618000002_org_wide_sprints_access.sql...
Applying migration 20260618000003_absence_email_notification_prefs.sql...
Applying migration 20260619000000_auth_onboarding.sql...
Applying migration 20260619000001_temporary_sprint_invites.sql...
Applying migration 20260619000002_sprint_teams_decoupling.sql...
Applying migration 20260620000000_sprint_system_hardening.sql...
Applying migration 20260620000001_add_metadata_to_sprint_invite_tokens.sql...
Applying migration 20260620000002_email_delivery_log.sql...
Applying migration 20260620000003_fix_sprint_invite_tokens_rls.sql...
Applying migration 20260620000004_fix_email_delivery_log_rls.sql...
Applying migration 20260620000005_fix_email_log_insert_policy.sql...
Applying migration 20260620000006_create_log_email_function.sql...
Applying migration 20260620000007_disable_rls_on_email_log.sql...
Applying migration 20260620000008_fix_issue_user_invitation_token.sql...
Applying migration 20260620000009_fix_invitation_token_null.sql...
Applying migration 20260620000010_fix_preview_invitation_ambiguous.sql...
Applying migration 20260620000011_make_preview_invitation_public.sql...
Applying migration 20260620000012_allow_cross_department_pastor_assignments.sql...
Applying migration 20260620000013_add_mobile_notification_prefs.sql...
Applying migration 20260620000014_meetings_ors_access.sql...
Applying migration 20260620000015_communications_ors_access.sql...
Applying migration 20260620000016_user_grants_system.sql...
Applying migration 20260620000017_communications_grants.sql...
Applying migration 20260620000018_meetings_grants.sql...
Applying migration 20260620000019_sprint_access_control.sql...
Applying migration 20260620000020_pastor_task_assignment.sql...
Applying migration 20260620000021_dashboard_role_presets.sql...
Applying migration 20260620000023_fix_pastoral_members_query.sql...
Applying migration 20260620000024_add_share_token_to_meeting_reports.sql...
Applying migration 20260620000025_pastor_subgroup_assignments.sql...
Applying migration 20260620000026_backfill_share_tokens.sql...
Applying migration 20260620000027_verify_share_token_setup.sql...
Applying migration 20260620000028_add_bysubgroup_column.sql...
Applying migration 20260620000029_sprint_members_write_policy_convergence.sql...
Applying migration 20260621000000_spaces_rls_security.sql...
Applying migration 20260622000000_task_indexes.sql...
Applying migration 20260622000001_task_comments_rls_fix.sql...
Applying migration 20260622193832_dashboard_role_queries.sql...
Applying migration 20260623000000_jwt_custom_claims.sql...
Applying migration 20260623000001_actionable_tasks_view.sql...
Applying migration 20260623000002_harden_jwt_helpers.sql...
Applying migration 20260623000003_task_status_to_do_default.sql...
Applying migration 20260624000000_sidebar_tools.sql...
Applying migration 20260624000001_seed_task_defaults.sql...
Applying migration 20260624000003_sprint_template_auto_members.sql...
Applying migration 20260624001000_calendar_event_types.sql...
Applying migration 20260624002000_gap_fill_activity_log_metadata.sql...
Applying migration 20260624010000_api_permissions.sql...
Applying migration 20260625000000_calendar_system_foundation.sql...
Applying migration 20260625000001_calendar_roles_and_permissions.sql...
Applying migration 20260625000002_calendar_sync_scheduler.sql...
Applying migration 20260625000003_regional_calendar_sync.sql...
Applying migration 20260625000004_user_integrations.sql...
Applying migration 20260625000005_multi_dept_integrations.sql...
Applying migration 20260625000006_user_scoped_integrations.sql...
Applying migration 20260625000007_external_integrations_scoping.sql...
Applying migration 20260625000008_fix_external_integrations_rls.sql...
Applying migration 20260625000009_remove_foundation_school.sql...
Applying migration 20260625000010_add_ors_role.sql...
Applying migration 20260625000011_campus_edits_table.sql...
Applying migration 20260626000000_agenda_status.sql...
Applying migration 20260626000001_meeting_minutes.sql...
Applying migration 20260626000002_calendar_sync.sql...
Applying migration 20260626151228_instagram_grading_system.sql...
Applying migration 20260627000000_add_meeting_transcriptions.sql...
Applying migration 20260627000001_system_settings.sql...
Applying migration 20260627000002_tasks_status_id_fkey.sql...
Applying migration 20260627000003_task_comments_rls_policy.sql...
Applying migration 20260627000004_task_comments_not_null.sql...
Applying migration 20260627100000_add_meeting_status_columns.sql...
Applying migration 20260628000000_meeting_caching_foundation.sql...
Applying migration 20260628000001_composite_task_indexes.sql...
Applying migration 20260628000002_actionable_tasks_v2.sql...
Applying migration 20260628000003_automations_data_integrity.sql...
Applying migration 20260629000000_per_space_statuses.sql...
Applying migration 20260629000001_folders_lists.sql...
Applying migration 20260630000000_user_permissions.sql...
Applying migration 20260630000001_fix_action_items_rpc.sql...
Applying migration 20260630000002_assignee_task_update.sql...
Applying migration 20260630000003_seed_action_items_widget.sql...
Applying migration 20260630010000_space_list_creator_settings.sql...
Applying migration 20260630010001_sprint_review_fields.sql...
Applying migration 20260701000000_planner.sql...
Applying migration 20260701000001_dashboard.sql...
Applying migration 20260702000000_status_hierarchy_interactive_option_b.sql...
Applying migration 20260702000001_task_cascade_user_prefs.sql...
Applying migration 20260702000002_status_hierarchy_rls.sql...
Applying migration 20260702000003_status_hierarchy_reset.sql...
Applying migration 20260702000004_status_hierarchy_corrected.sql...
Applying migration 20260703000000_assigned_comments.sql...
Applying migration 20260703000001_folder_list_creator_settings.sql...
Applying migration 20260703000002_user_invitations_invite_message_hotfix.sql...
Applying migration 20260703000003_fix_get_space_statuses_hierarchy.sql...
Applying migration 20260704000000_departments_updated_at.sql...
Applying migration 20260706000000_communication_campaign_attachments.sql...
Applying migration 20260706000001_reconcile_broadcast_campaign_segments.sql...
Applying migration 20260706000002_fix_jwt_null_department_fallback.sql...
Applying migration 20260707000000_add_org_id_to_departments.sql...
Applying migration 20260707000001_tighten_google_calendar_tokens_rls.sql...
Applying migration 20260707212412_dashboard_stats_rpc.sql...
Applying migration 20260708000000_flock_crm_per_pastor.sql...
Applying migration 20260708090000_dashboard_data_rpc.sql...
Applying migration 20260709000000_add_is_admin_department_flag.sql...
{"_tag":"Error","error":{"code":"LegacyMigrationApplyError","message":"effect/sql/SqlError: Connection error"}}
